1786958256.248450706
22 631 6818 
1786958256.458579048
22 631 6818 
1786958256.667869024
22 631 6818 
1786958256.877855738
22 631 6818 
1786958257.088373433
22 631 6818 
1786958257.297847974
22 631 6818 
1786958257.507454057
22 631 6818 
1786958257.716831703
22 631 6818 
1786958257.926204295
22 631 6818 
1786958258.134778677
22 631 6818 
1786958258.343400822
22 631 6818 
1786958258.552909795
22 631 6818 
1786958258.763005168
22 631 6818 
1786958258.972859458
22 631 6818 
1786958259.182827141
22 631 6818 
1786958259.391800602
22 631 6818 
1786958259.601296217
22 631 6818 
1786958259.810436946
22 631 6818 
1786958260.019414269
22 631 6818 
1786958260.228863451
22 631 6818 
1786958260.438924572
22 631 6818 
1786958260.648811854
22 631 6818 
1786958260.858102348
22 631 6818 
1786958261.068334400
22 631 6818 
1786958261.278746446
22 631 6818 
1786958261.488632998
22 631 6818 
1786958261.698196316
22 631 6818 
1786958261.908481730
22 631 6818 
1786958262.119383600
22 631 6818 
1786958262.329323799
22 631 6818 
1786958262.539753295
22 631 6818 
1786958262.749691136
22 631 6818 
1786958262.960438759
22 631 6818 
1786958263.170280564
22 631 6818 
1786958263.379912053
22 631 6818 
1786958263.590358161
22 631 6818 
1786958263.799830718
22 631 6818 
1786958264.009331706
22 631 6818 
1786958264.217904353
22 631 6818 
1786958264.427601543
22 631 6818 
1786958264.636628053
22 631 6818 
1786958264.847207690
22 631 6818 
1786958265.055914334
22 631 6818 
1786958265.265042529
22 631 6818 
1786958265.475476832
22 631 6818 
1786958265.685748889
22 631 6818 
1786958265.896454042
22 631 6818 
1786958266.106291406
22 631 6818 
1786958266.316802219
22 631 6818 
1786958266.526530953
22 631 6818 
1786958266.736506461
22 631 6818 
1786958266.944698036
22 631 6818 
1786958267.154144139
22 631 6818 
1786958267.363615811
22 631 6818 
1786958267.573762458
22 631 6818 
1786958267.783355224
22 631 6818 
1786958267.992686630
22 631 6818 
1786958268.202468472
22 631 6818 
1786958268.412138127
22 631 6818 
1786958268.621427638
22 631 6818 
1786958268.830169301
22 631 6818 
1786958269.040191501
22 631 6818 
1786958269.250394810
22 631 6818 
1786958269.460920060
22 631 6818 
1786958269.671471696
22 631 6818 
1786958269.880503563
22 631 6818 
1786958270.090150593
22 631 6818 
1786958270.300055920
22 631 6818 
1786958270.510153910
22 631 6818 
1786958270.719057874
22 631 6818 
1786958270.928604525
22 631 6818 
1786958271.138544821
22 631 6818 
1786958271.347681275
22 631 6818 
1786958271.557828482
22 631 6818 
1786958271.767862632
22 631 6818 
1786958271.977411437
22 631 6818 
1786958272.186992203
22 631 6818 
1786958272.397046832
22 631 6818 
1786958272.607688164
22 631 6818 
1786958272.817383661
22 631 6818 
1786958273.027023198
22 631 6818 
1786958273.236319395
22 631 6818 
1786958273.445777879
22 631 6818 
1786958273.655284400
22 631 6818 
1786958273.863534539
22 631 6818 
1786958274.071918754
22 631 6818 
1786958274.281043820
22 631 6818 
1786958274.491100790
22 631 6818 
1786958274.700286830
22 631 6818 
1786958274.910043024
22 631 6818 
1786958275.119095091
22 631 6818 
1786958275.328585925
22 631 6818 
1786958275.538552519
22 631 6818 
1786958275.748769554
22 631 6818 
1786958275.959255035
22 631 6818 
1786958276.169166838
22 631 6818 
1786958276.378704436
22 631 6818 
1786958276.587789316
22 631 6818 
1786958276.796792746
22 631 6818 
1786958277.006887709
22 631 6818 
1786958277.217362303
22 631 6818 
1786958277.427406839
22 631 6818 
1786958277.638144270
22 631 6818 
1786958277.847961126
22 631 6818 
1786958278.057754021
22 631 6818 
1786958278.267001904
22 631 6818 
1786958278.477351365
22 631 6818 
1786958278.686880646
22 631 6818 
1786958278.897374749
22 631 6818 
1786958279.106961770
22 631 6818 
1786958279.316272422
22 631 6818 
1786958279.525871266
22 631 6818 
1786958279.735737753
22 631 6818 
1786958279.945918750
22 631 6818 
1786958280.156438901
22 631 6818 
1786958280.365935233
22 631 6818 
1786958280.575356384
22 631 6818 
1786958280.784789155
22 631 6818 
1786958280.994770540
22 631 6818 
1786958281.204555116
22 631 6818 
1786958281.414528170
22 631 6818 
1786958281.623905538
22 631 6818 
1786958281.833909268
22 631 6818 
1786958282.043844836
22 631 6818 
1786958282.254378722
22 631 6818 
1786958282.464072424
22 631 6818 
1786958282.672992833
22 631 6818 
1786958282.882275782
22 631 6818 
1786958283.091589018
22 631 6818 
1786958283.301278860
22 631 6818 
1786958283.511563391
22 631 6818 
1786958283.721258783
22 631 6818 
1786958283.930503471
22 631 6818 
1786958284.139774569
22 631 6818 
1786958284.349638119
22 631 6818 
1786958284.558877435
22 631 6818 
1786958284.770576835
22 631 6818 
1786958284.980244469
22 631 6818 
1786958285.190432402
22 631 6818 
1786958285.400433677
22 631 6818 
1786958285.610330556
22 631 6818 
1786958285.820003321
22 631 6818 
1786958286.029590542
22 631 6818 
1786958286.239736544
22 631 6818 
1786958286.450015980
22 631 6818 
1786958286.659982625
22 631 6818 
1786958286.869410036
22 631 6818 
1786958287.079640350
22 631 6818 
1786958287.289197465
22 631 6818 
1786958287.498484981
22 631 6818 
1786958287.707336920
22 631 6818 
1786958287.916566214
22 631 6818 
1786958288.126142413
22 631 6818 
1786958288.336433914
22 631 6818 
1786958288.546331700
22 631 6818 
1786958288.757289272
22 631 6818 
1786958288.966662704
22 631 6818 
1786958289.177066820
22 631 6818 
1786958289.386655598
22 631 6818 
1786958289.596085543
22 631 6818 
1786958289.805754192
22 631 6818 
1786958290.015087385
22 631 6818 
1786958290.224307299
22 631 6818 
1786958290.433617890
22 631 6818 
1786958290.643153949
22 631 6818 
1786958290.852824931
22 631 6818 
1786958291.062296044
22 631 6818 
1786958291.272532373
22 631 6818 
1786958291.482107391
22 631 6818 
1786958291.692333651
22 631 6818 47251 
1786958291.903498547
22 631 6818 47251 52067 52151 
1786958292.113012558
22 631 6818 47251 52067 52151 
1786958292.321326248
22 631 6818 47251 52067 52151 
1786958292.529913160
22 631 6818 47251 52067 52151 
1786958292.738486738
22 631 6818 47251 52067 52151 
1786958292.947943272
22 631 6818 47251 52067 52151 
1786958293.156616561
22 631 6818 47251 52067 52151 
1786958293.366821415
22 631 6818 47251 52067 52151 
1786958293.576034143
22 631 6818 47251 52067 52151 
1786958293.785039765
22 631 6818 47251 52067 52151 
1786958293.993952924
22 631 6818 47251 52067 52151 
1786958294.204663186
22 631 6818 47251 52067 52151 
1786958294.414325286
22 631 6818 47251 52067 52151 
1786958294.623791243
22 631 6818 47251 52067 52151 
1786958294.833108009
22 631 6818 47251 52067 52151 
1786958295.042500002
22 631 6818 47251 52067 52151 
1786958295.251215269
22 631 6818 47251 52067 52151 
1786958295.460491087
22 631 6818 47251 52067 52151 
1786958295.669422268
22 631 6818 47251 52067 52151 
1786958295.878752178
22 631 6818 47251 52067 52151 
1786958296.087915125
22 631 6818 47251 52067 52151 
1786958296.296767494
22 631 6818 47251 52067 52151 
1786958296.506069513
22 631 6818 47251 52067 52151 
1786958296.715610853
22 631 6818 47251 52067 52151 
1786958296.924631309
22 631 6818 47251 52067 52151 
1786958297.132677539
22 631 6818 47251 52067 52151 
1786958297.341523672
22 631 6818 47251 52067 52151 
1786958297.551523993
22 631 6818 47251 52067 52151 
1786958297.761178980
22 631 6818 47251 52067 52151 
1786958297.970935676
22 631 6818 47251 52067 52151 
1786958298.180706100
22 631 6818 47251 52067 52151 
1786958298.390603389
22 631 6818 47251 52067 52151 
1786958298.600282059
22 631 6818 47251 52067 52151 
1786958298.809749374
22 631 6818 47251 52067 52151 
1786958299.019117009
22 631 6818 47251 52067 52151 
1786958299.229636310
22 631 6818 47251 52067 52151 
1786958299.439287526
22 631 6818 47251 52067 52151 
1786958299.648750115
22 631 6818 47251 52067 52151 
1786958299.858136280
22 631 6818 47251 52067 52151 
1786958300.068434517
22 631 6818 47251 52067 52151 
1786958300.278139989
22 631 6818 47251 52067 52151 
1786958300.487726094
22 631 6818 47251 52067 52151 
1786958300.697873528
22 631 6818 47251 52067 52151 
1786958300.908660972
22 631 6818 47251 52067 52151 
1786958301.118845174
22 631 6818 47251 52067 52151 
1786958301.328379521
22 631 6818 47251 52067 52151 
1786958301.538064878
22 631 6818 47251 52067 52151 
1786958301.747731720
22 631 6818 47251 52067 52151 
1786958301.957254215
22 631 6818 47251 52067 52151 
1786958302.166899354
22 631 6818 47251 52067 52151 
1786958302.375998969
22 631 6818 47251 52067 52151 
1786958302.585531265
22 631 6818 47251 52067 52151 
1786958302.795917484
22 631 6818 47251 52067 52151 
1786958303.005201609
22 631 6818 47251 52067 52151 
1786958303.214274412
22 631 6818 47251 52067 52151 
1786958303.424272541
22 631 6818 47251 52067 52151 
1786958303.634087061
22 631 6818 47251 52067 52151 
1786958303.843450768
22 631 6818 47251 52067 52151 
1786958304.054299637
22 631 6818 47251 52067 52151 
1786958304.263486592
22 631 6818 47251 52067 52151 
1786958304.471933661
22 631 6818 47251 52067 52151 
1786958304.681525136
22 631 6818 47251 52067 52151 
1786958304.891892166
22 631 6818 47251 52067 52151 
1786958305.101360483
22 631 6818 47251 52067 52151 
1786958305.310331654
22 631 6818 47251 52067 52151 
1786958305.520202292
22 631 6818 47251 52067 52151 
1786958305.729706855
22 631 6818 47251 52067 52151 
1786958305.938375536
22 631 6818 47251 52067 52151 
1786958306.147031392
22 631 6818 47251 52067 52151 
1786958306.357106566
22 631 6818 47251 52067 52151 
1786958306.567122653
22 631 6818 47251 52067 52151 
1786958306.776490569
22 631 6818 47251 52067 52151 
1786958306.984927003
22 631 6818 47251 52067 52151 
1786958307.194381457
22 631 6818 47251 52067 52151 
1786958307.403916939
22 631 6818 47251 52067 52151 
1786958307.613468459
22 631 6818 47251 52067 52151 
1786958307.823766811
22 631 6818 47251 52067 52151 
1786958308.033148024
22 631 6818 47251 52067 52151 
1786958308.242495254
22 631 6818 47251 52067 52151 
1786958308.451580552
22 631 6818 47251 52067 52151 
1786958308.661494449
22 631 6818 47251 52067 52151 
1786958308.870740348
22 631 6818 47251 52067 52151 
1786958309.079787256
22 631 6818 47251 52067 52151 
1786958309.288780831
22 631 6818 47251 52067 52151 
1786958309.498854914
22 631 6818 47251 52067 52151 
1786958309.708515082
22 631 6818 47251 52067 52151 
1786958309.918106469
22 631 6818 47251 52067 52151 
1786958310.127233624
22 631 6818 47251 52067 52151 
1786958310.336215562
22 631 6818 47251 52067 52151 
1786958310.545242200
22 631 6818 47251 52067 52151 
1786958310.753531229
22 631 6818 47251 52067 52151 
1786958310.964189103
22 631 6818 47251 52067 52151 
1786958311.173915536
22 631 6818 47251 52067 52151 
1786958311.383977763
22 631 6818 47251 52067 52151 
1786958311.594573752
22 631 6818 47251 52067 52151 
1786958311.804028254
22 631 6818 47251 52067 52151 
1786958312.012598134
22 631 6818 47251 52067 52151 
1786958312.222286782
22 631 6818 47251 52067 52151 
1786958312.432432242
22 631 6818 47251 52067 52151 
1786958312.642220205
22 631 6818 47251 52067 52151 
1786958312.851433152
22 631 6818 47251 52067 52151 
1786958313.061245201
22 631 6818 47251 52067 52151 
1786958313.270426560
22 631 6818 47251 52067 52151 
1786958313.479658007
22 631 6818 47251 52067 52151 
1786958313.689436158
22 631 6818 47251 52067 52151 
1786958313.899279672
22 631 6818 47251 52067 52151 
1786958314.108781735
22 631 6818 47251 52067 52151 
1786958314.317321884
22 631 6818 47251 52067 52151 
1786958314.525905328
22 631 6818 47251 52067 52151 
1786958314.734417489
22 631 6818 47251 52067 52151 
1786958314.943658199
22 631 6818 47251 52067 52151 
1786958315.151972984
22 631 6818 47251 52067 52151 
1786958315.361278611
22 631 6818 47251 52067 52151 
1786958315.571758991
22 631 6818 47251 52067 52151 
1786958315.780952438
22 631 6818 47251 52067 52151 
1786958315.990609519
22 631 6818 47251 52067 52151 
1786958316.200287981
22 631 6818 47251 52067 52151 
1786958316.410065514
22 631 6818 47251 52067 52151 
1786958316.620026224
22 631 6818 47251 52067 52151 
1786958316.829276522
22 631 6818 47251 52067 52151 
1786958317.039432222
22 631 6818 47251 52067 52151 
1786958317.248485788
22 631 6818 47251 52067 52151 
1786958317.457663900
22 631 6818 47251 52067 52151 
1786958317.666796175
22 631 6818 47251 52067 52151 
1786958317.876601615
22 631 6818 47251 52067 52151 
1786958318.086802807
22 631 6818 47251 52067 52151 
1786958318.296637451
22 631 6818 47251 52067 52151 
1786958318.506182891
22 631 6818 47251 52067 52151 
1786958318.716187829
22 631 6818 47251 52067 52151 
1786958318.925794826
22 631 6818 47251 52067 52151 
1786958319.135208368
22 631 6818 47251 52067 52151 
1786958319.344875399
22 631 6818 47251 52067 52151 
1786958319.555389291
22 631 6818 47251 52067 52151 
1786958319.763897308
22 631 6818 47251 52067 52151 
1786958319.973170450
22 631 6818 47251 52067 52151 
1786958320.182782991
22 631 6818 47251 52067 52151 
1786958320.391885788
22 631 6818 47251 52067 52151 
1786958320.601367874
22 631 6818 47251 52067 52151 
1786958320.811223235
22 631 6818 47251 52067 52151 
1786958321.020288119
22 631 6818 47251 52067 52151 
1786958321.230300077
22 631 6818 47251 52067 52151 
1786958321.440084242
22 631 6818 47251 52067 52151 
1786958321.649116594
22 631 6818 47251 52067 52151 
1786958321.861577723
22 631 6818 47251 52067 52151 
1786958322.070345944
22 631 6818 47251 52067 52151 
1786958322.280116387
22 631 6818 47251 52067 52151 
1786958322.489485745
22 631 6818 47251 52067 52151 
1786958322.698742868
22 631 6818 47251 52067 52151 
1786958322.909290980
22 631 6818 47251 52067 52151 
1786958323.118380322
22 631 6818 47251 52067 52151 
1786958323.327192283
22 631 6818 47251 52067 52151 
1786958323.536671992
22 631 6818 47251 52067 52151 
1786958323.745797641
22 631 6818 47251 52067 52151 
1786958323.954200508
22 631 6818 47251 52067 52151 
1786958324.164283968
22 631 6818 47251 52067 52151 
1786958324.373051272
22 631 6818 47251 52067 52151 
1786958324.581406501
22 631 6818 47251 52067 52151 
1786958324.790555575
22 631 6818 47251 52067 52151 
1786958324.998915099
22 631 6818 47251 52067 52151 
1786958325.208050650
22 631 6818 47251 52067 52151 
1786958325.417470218
22 631 6818 47251 52067 52151 
1786958325.626710179
22 631 6818 47251 52067 52151 
1786958325.837930748
22 631 6818 47251 52067 52151 
1786958326.047308962
22 631 6818 47251 52067 52151 
1786958326.256362500
22 631 6818 47251 52067 52151 
1786958326.466563398
22 631 6818 47251 52067 52151 
1786958326.675442186
22 631 6818 47251 52067 52151 
1786958326.884882962
22 631 6818 47251 52067 52151 
1786958327.095128125
22 631 6818 47251 52067 52151 
1786958327.304520745
22 631 6818 47251 52067 52151 
1786958327.513251100
22 631 6818 47251 52067 52151 
1786958327.722588222
22 631 6818 47251 52067 52151 
1786958327.931788647
22 631 6818 47251 52067 52151 
1786958328.140936894
22 631 6818 47251 52067 52151 
1786958328.349525950
22 631 6818 47251 52067 52151 
1786958328.559525438
22 631 6818 47251 52067 52151 
1786958328.768475147
22 631 6818 47251 52067 52151 
1786958328.977843772
22 631 6818 47251 52067 52151 
1786958329.187216268
22 631 6818 47251 52067 52151 
1786958329.396840076
22 631 6818 47251 52067 52151 
1786958329.606942509
22 631 6818 47251 52067 52151 
1786958329.816531939
22 631 6818 47251 52067 52151 
1786958330.026066659
22 631 6818 47251 52067 52151 
1786958330.235538679
22 631 6818 47251 52067 52151 
1786958330.444869805
22 631 6818 47251 52067 52151 
1786958330.654026712
22 631 6818 47251 52067 52151 
1786958330.862790615
22 631 6818 47251 52067 52151 
1786958331.071575693
22 631 6818 47251 52067 52151 
1786958331.280874567
22 631 6818 47251 52067 52151 
1786958331.490363596
22 631 6818 47251 52067 52151 
1786958331.699456724
22 631 6818 47251 52067 52151 
1786958331.909007138
22 631 6818 47251 52067 52151 
1786958332.118852152
22 631 6818 47251 52067 52151 
1786958332.328643110
22 631 6818 47251 52067 52151 
1786958332.537893486
22 631 6818 47251 52067 52151 
1786958332.747797416
22 631 6818 47251 52067 52151 
1786958332.957880040
22 631 6818 47251 52067 52151 
1786958333.167377187
22 631 6818 47251 52067 52151 
1786958333.376912526
22 631 6818 47251 52067 52151 
1786958333.587320709
22 631 6818 47251 52067 52151 
1786958333.796881844
22 631 6818 47251 52067 52151 
1786958334.006177306
22 631 6818 47251 52067 52151 
1786958334.214550073
22 631 6818 47251 52067 52151 
1786958334.425305542
22 631 6818 47251 52067 52151 
1786958334.634748604
22 631 6818 47251 52067 52151 
1786958334.844494463
22 631 6818 47251 52067 52151 
1786958335.053961211
22 631 6818 47251 52067 52151 
1786958335.263832557
22 631 6818 47251 52067 52151 
1786958335.473195624
22 631 6818 47251 52067 52151 
1786958335.683119969
22 631 6818 47251 52067 52151 
1786958335.892757026
22 631 6818 47251 52067 52151 
1786958336.101689020
22 631 6818 47251 52067 52151 
1786958336.311036102
22 631 6818 47251 52067 52151 
1786958336.521255827
22 631 6818 47251 52067 52151 
1786958336.730262977
22 631 6818 47251 52067 52151 
1786958336.939728280
22 631 6818 47251 52067 52151 
1786958337.149628833
22 631 6818 47251 52067 52151 
1786958337.358092373
22 631 6818 47251 52067 52151 
1786958337.566818483
22 631 6818 47251 52067 52151 
1786958337.776442418
22 631 6818 47251 52067 52151 
1786958337.985678766
22 631 6818 47251 52067 52151 
1786958338.195284817
22 631 6818 47251 52067 52151 
1786958338.403884706
22 631 6818 47251 52067 52151 
1786958338.613366068
22 631 6818 47251 52067 52151 
1786958338.823167140
22 631 6818 47251 52067 52151 
1786958339.031814630
22 631 6818 47251 52067 52151 
1786958339.240744805
22 631 6818 47251 52067 52151 
1786958339.449655073
22 631 6818 47251 52067 52151 
1786958339.659095697
22 631 6818 47251 52067 52151 
1786958339.868289313
22 631 6818 47251 52067 52151 
1786958340.077531106
22 631 6818 47251 52067 52151 
1786958340.285993602
22 631 6818 47251 52067 52151 
1786958340.494853979
22 631 6818 47251 52067 52151 
1786958340.704606909
22 631 6818 47251 52067 52151 
1786958340.914865850
22 631 6818 47251 52067 52151 
1786958341.124039922
22 631 6818 47251 52067 52151 
1786958341.333031245
22 631 6818 47251 52067 52151 
1786958341.543158277
22 631 6818 47251 52067 52151 
1786958341.753671718
22 631 6818 47251 52067 52151 
1786958341.962457149
22 631 6818 47251 52067 52151 
1786958342.181397155
22 631 6818 47251 52067 52151 
1786958342.389373839
22 631 6818 47251 52067 52151 
1786958342.597990248
22 631 6818 47251 52067 52151 
1786958342.807103160
22 631 6818 47251 52067 52151 
1786958343.017073012
22 631 6818 47251 52067 52151 
1786958343.226371891
22 631 6818 47251 52067 52151 
1786958343.436614172
22 631 6818 47251 52067 52151 
1786958343.646294136
22 631 6818 47251 52067 52151 
1786958343.856095972
22 631 6818 47251 52067 52151 
1786958344.065521468
22 631 6818 47251 52067 52151 
1786958344.275374995
22 631 6818 47251 52067 52151 
1786958344.485093233
22 631 6818 47251 52067 52151 
1786958344.694189502
22 631 6818 47251 52067 52151 
1786958344.903320921
22 631 6818 47251 52067 52151 
1786958345.112901575
22 631 6818 47251 52067 52151 
1786958345.321907207
22 631 6818 47251 52067 52151 
1786958345.530737413
22 631 6818 47251 52067 52151 
1786958345.740264669
22 631 6818 47251 52067 52151 
1786958345.950590562
22 631 6818 47251 52067 52151 
1786958346.160012827
22 631 6818 47251 52067 52151 
1786958346.369577711
22 631 6818 47251 52067 52151 
1786958346.578256670
22 631 6818 47251 52067 52151 
1786958346.787621215
22 631 6818 47251 52067 52151 
1786958346.997845355
22 631 6818 47251 52067 52151 
1786958347.208567497
22 631 6818 47251 52067 52151 
1786958347.418586489
22 631 6818 47251 52067 52151 
1786958347.627526560
22 631 6818 47251 52067 52151 
1786958347.836482413
22 631 6818 47251 52067 52151 
1786958348.046244908
22 631 6818 47251 52067 52151 
1786958348.255820798
22 631 6818 47251 52067 52151 
1786958348.464799101
22 631 6818 47251 52067 52151 
1786958348.674172629
22 631 6818 47251 52067 52151 
1786958348.883753324
22 631 6818 47251 52067 52151 
1786958349.092865918
22 631 6818 47251 52067 52151 
1786958349.302428488
22 631 6818 47251 52067 52151 
1786958349.511661580
22 631 6818 47251 52067 52151 
1786958349.721197234
22 631 6818 47251 52067 52151 
1786958349.931091828
22 631 6818 47251 52067 52151 
1786958350.139640175
22 631 6818 47251 52067 52151 
1786958350.348592997
22 631 6818 47251 52067 52151 
1786958350.560475845
22 631 6818 47251 52067 52151 
1786958350.770740431
22 631 6818 47251 52067 52151 
1786958350.979657381
22 631 6818 47251 52067 52151 
1786958351.189811863
22 631 6818 47251 52067 52151 
1786958351.399258009
22 631 6818 47251 52067 52151 
1786958351.608291617
22 631 6818 47251 52067 52151 
1786958351.817583093
22 631 6818 47251 52067 52151 
1786958352.026677302
22 631 6818 47251 52067 52151 
1786958352.235543461
22 631 6818 47251 52067 52151 
1786958352.444842125
22 631 6818 47251 52067 52151 
1786958352.653305464
22 631 6818 47251 52067 52151 
1786958352.862810669
22 631 6818 47251 52067 52151 
1786958353.072895660
22 631 6818 47251 52067 52151 
1786958353.282110843
22 631 6818 47251 52067 52151 
1786958353.491592510
22 631 6818 47251 52067 52151 
1786958353.701745589
22 631 6818 47251 52067 52151 
1786958353.912434438
22 631 6818 47251 52067 52151 
1786958354.121993254
22 631 6818 47251 52067 52151 
1786958354.331354167
22 631 6818 47251 52067 52151 
1786958354.540790260
22 631 6818 47251 52067 52151 
1786958354.750245997
22 631 6818 47251 52067 52151 
1786958354.961969204
22 631 6818 47251 52067 52151 
1786958355.171337239
22 631 6818 47251 52067 52151 
1786958355.379941846
22 631 6818 47251 52067 52151 
1786958355.588513803
22 631 6818 47251 52067 52151 
1786958355.798932062
22 631 6818 47251 52067 52151 
1786958356.008144953
22 631 6818 47251 52067 52151 
1786958356.216680215
22 631 6818 47251 52067 52151 
1786958356.427268273
22 631 6818 47251 52067 52151 
1786958356.636992987
22 631 6818 47251 52067 52151 
1786958356.845081219
22 631 6818 47251 52067 52151 
1786958357.054884824
22 631 6818 47251 52067 52151 
1786958357.263213677
22 631 6818 47251 52067 52151 
1786958357.472637292
22 631 6818 47251 52067 52151 
1786958357.681636331
22 631 6818 47251 52067 52151 
1786958357.891739050
22 631 6818 47251 52067 52151 
1786958358.102151254
22 631 6818 47251 52067 52151 
1786958358.310546103
22 631 6818 47251 52067 52151 
1786958358.520427463
22 631 6818 47251 52067 52151 
1786958358.730754162
22 631 6818 47251 52067 52151 
1786958358.940996332
22 631 6818 47251 52067 52151 
1786958359.150777178
22 631 6818 47251 52067 52151 
1786958359.360053925
22 631 6818 47251 52067 52151 
1786958359.569517519
22 631 6818 47251 52067 52151 
1786958359.778434024
22 631 6818 47251 52067 52151 
1786958359.987600273
22 631 6818 47251 52067 52151 
1786958360.197148765
22 631 6818 47251 52067 52151 
1786958360.408862399
22 631 6818 47251 52067 52151 
1786958360.618049855
22 631 6818 47251 52067 52151 
1786958360.827453585
22 631 6818 47251 52067 52151 
1786958361.037226752
22 631 6818 47251 52067 52151 
1786958361.247774704
22 631 6818 47251 52067 52151 
1786958361.456888877
22 631 6818 47251 52067 52151 
1786958361.666631621
22 631 6818 47251 52067 52151 
1786958361.877016401
22 631 6818 47251 52067 52151 
1786958362.086452859
22 631 6818 47251 52067 52151 
1786958362.295824523
22 631 6818 47251 52067 52151 
1786958362.505580594
22 631 6818 47251 52067 52151 
1786958362.715817806
22 631 6818 47251 52067 52151 
1786958362.926270201
22 631 6818 47251 52067 52151 
1786958363.135111702
22 631 6818 47251 52067 52151 
1786958363.345351903
22 631 6818 47251 52067 52151 
1786958363.554960398
22 631 6818 47251 52067 52151 
1786958363.763419297
22 631 6818 47251 52067 52151 
1786958363.973800463
22 631 6818 47251 52067 52151 
1786958364.183264646
22 631 6818 47251 52067 52151 
1786958364.392129649
22 631 6818 47251 52067 52151 
1786958364.601386175
22 631 6818 47251 52067 52151 
1786958364.810824075
22 631 6818 47251 52067 52151 
1786958365.021469171
22 631 6818 47251 52067 52151 
1786958365.231227393
22 631 6818 47251 52067 52151 
1786958365.440805338
22 631 6818 47251 52067 52151 
1786958365.649864730
22 631 6818 47251 52067 52151 
1786958365.858832692
22 631 6818 47251 52067 52151 
1786958366.068183452
22 631 6818 47251 52067 52151 
1786958366.277763632
22 631 6818 47251 52067 52151 
1786958366.487826358
22 631 6818 47251 52067 52151 
1786958366.698387688
22 631 6818 47251 52067 52151 
1786958366.907763168
22 631 6818 47251 52067 52151 
1786958367.117884177
22 631 6818 47251 52067 52151 
1786958367.327881488
22 631 6818 47251 52067 52151 
1786958367.537735460
22 631 6818 47251 52067 52151 
1786958367.747260896
22 631 6818 47251 52067 52151 
1786958367.955737008
22 631 6818 47251 52067 52151 
1786958368.165679744
22 631 6818 47251 52067 52151 
1786958368.375137835
22 631 6818 47251 52067 52151 
1786958368.584760220
22 631 6818 47251 52067 52151 
1786958368.794179634
22 631 6818 47251 52067 52151 
1786958369.003218351
22 631 6818 47251 52067 52151 
1786958369.212549267
22 631 6818 47251 52067 52151 
1786958369.420839676
22 631 6818 47251 52067 52151 
1786958369.631211404
22 631 6818 47251 52067 52151 
1786958369.840129550
22 631 6818 47251 52067 52151 
1786958370.049101863
22 631 6818 47251 52067 52151 
1786958370.256918437
22 631 6818 47251 52067 52151 
1786958370.466401232
22 631 6818 47251 52067 52151 
1786958370.675653018
22 631 6818 47251 52067 52151 
1786958370.885174496
22 631 6818 47251 52067 52151 
1786958371.094050092
22 631 6818 47251 52067 52151 
1786958371.303787451
22 631 6818 47251 52067 52151 
1786958371.512537662
22 631 6818 47251 52067 52151 
1786958371.721583927
22 631 6818 47251 52067 52151 
1786958371.930717144
22 631 6818 47251 52067 52151 
1786958372.140561735
22 631 6818 47251 52067 52151 
1786958372.349659621
22 631 6818 47251 52067 52151 
1786958372.559106521
22 631 6818 47251 52067 52151 
1786958372.768009076
22 631 6818 47251 52067 52151 
1786958372.976090744
22 631 6818 47251 52067 52151 
1786958373.185613129
22 631 6818 47251 52067 52151 
1786958373.394569098
22 631 6818 47251 52067 52151 
1786958373.603603922
22 631 6818 47251 52067 52151 
1786958373.813214364
22 631 6818 47251 52067 52151 
1786958374.022727957
22 631 6818 47251 52067 52151 
1786958374.232150435
22 631 6818 47251 52067 52151 
1786958374.440785511
22 631 6818 47251 52067 52151 
1786958374.651893578
22 631 6818 47251 52067 52151 
1786958374.862931884
22 631 6818 47251 52067 52151 
1786958375.072086361
22 631 6818 47251 52067 52151 
1786958375.281511744
22 631 6818 47251 52067 52151 
1786958375.491155108
22 631 6818 47251 52067 52151 
1786958375.700591778
22 631 6818 47251 52067 52151 
1786958375.910299976
22 631 6818 47251 52067 52151 
1786958376.119428442
22 631 6818 47251 52067 52151 
1786958376.329362319
22 631 6818 47251 52067 52151 
1786958376.548893659
22 631 6818 47251 52067 52151 
1786958376.758790951
22 631 6818 47251 52067 52151 
1786958376.968566952
22 631 6818 47251 52067 52151 
1786958377.177754198
22 631 6818 47251 52067 52151 
1786958377.386869237
22 631 6818 47251 52067 52151 
1786958377.596901633
22 631 6818 47251 52067 52151 
1786958377.805648581
22 631 6818 47251 52067 52151 
1786958378.015278834
22 631 6818 47251 52067 52151 
1786958378.224614659
22 631 6818 47251 52067 52151 
1786958378.434012991
22 631 6818 47251 52067 52151 
1786958378.642170355
22 631 6818 47251 52067 52151 
1786958378.850986946
22 631 6818 47251 52067 52151 
1786958379.059330239
22 631 6818 47251 52067 52151 
1786958379.269069298
22 631 6818 47251 52067 52151 
1786958379.478749063
22 631 6818 47251 52067 52151 
1786958379.688274742
22 631 6818 47251 52067 52151 
1786958379.897281132
22 631 6818 47251 52067 52151 
1786958380.106900904
22 631 6818 47251 52067 52151 
1786958380.315970121
22 631 6818 47251 52067 52151 
1786958380.524964773
22 631 6818 47251 52067 52151 
1786958380.734472417
22 631 6818 47251 52067 52151 
1786958380.946828277
22 631 6818 47251 52067 52151 
1786958381.156523667
22 631 6818 47251 52067 52151 
1786958381.367168974
22 631 6818 47251 52067 52151 
1786958381.576351589
22 631 6818 47251 52067 52151 
1786958381.787256347
22 631 6818 47251 52067 52151 
1786958381.996264242
22 631 6818 47251 52067 52151 
1786958382.205755897
22 631 6818 47251 52067 52151 
1786958382.414432333
22 631 6818 47251 52067 52151 
1786958382.623433005
22 631 6818 47251 52067 52151 
1786958382.832262695
22 631 6818 47251 52067 52151 
1786958383.041817561
22 631 6818 47251 52067 52151 
1786958383.252165803
22 631 6818 47251 52067 52151 
1786958383.461877691
22 631 6818 47251 52067 52151 
1786958383.671255309
22 631 6818 47251 52067 52151 
1786958383.879952705
22 631 6818 47251 52067 52151 
1786958384.089592193
22 631 6818 47251 52067 52151 
1786958384.299288878
22 631 6818 47251 52067 52151 
1786958384.509322894
22 631 6818 47251 52067 52151 
1786958384.720017295
22 631 6818 47251 52067 52151 
1786958384.928593433
22 631 6818 47251 52067 52151 
1786958385.137951196
22 631 6818 47251 52067 52151 
1786958385.346629074
22 631 6818 47251 52067 52151 
1786958385.556728332
22 631 6818 47251 52067 52151 
1786958385.766426990
22 631 6818 47251 52067 52151 
1786958385.975210499
22 631 6818 47251 52067 52151 
1786958386.183565026
22 631 6818 47251 52067 52151 
1786958386.392780713
22 631 6818 47251 52067 52151 
1786958386.602341390
22 631 6818 47251 52067 52151 
1786958386.811882473
22 631 6818 47251 52067 52151 
1786958387.020581629
22 631 6818 47251 52067 52151 
1786958387.230384461
22 631 6818 47251 52067 52151 
1786958387.441106902
22 631 6818 47251 52067 52151 
1786958387.650841079
22 631 6818 47251 52067 52151 
1786958387.860345113
22 631 6818 47251 52067 52151 
1786958388.069559155
22 631 6818 47251 52067 52151 
1786958388.280143281
22 631 6818 47251 52067 52151 
1786958388.488489345
22 631 6818 47251 52067 52151 
1786958388.697701514
22 631 6818 47251 52067 52151 
1786958388.908044476
22 631 6818 47251 52067 52151 
1786958389.117353395
22 631 6818 47251 52067 52151 
1786958389.326686890
22 631 6818 47251 52067 52151 
1786958389.537023882
22 631 6818 47251 52067 52151 
1786958389.746844551
22 631 6818 47251 52067 52151 
1786958389.956526502
22 631 6818 47251 52067 52151 
1786958390.165453342
22 631 6818 47251 52067 52151 
1786958390.374304911
22 631 6818 47251 52067 52151 
1786958390.583477622
22 631 6818 47251 52067 52151 
1786958390.793178752
22 631 6818 47251 52067 52151 
1786958391.005767918
22 631 6818 47251 52067 52151 
1786958391.215169669
22 631 6818 47251 52067 52151 
1786958391.423489802
22 631 6818 47251 52067 52151 
1786958391.632284634
22 631 6818 47251 52067 52151 
1786958391.841970214
22 631 6818 47251 52067 52151 
1786958392.050689713
22 631 6818 47251 52067 52151 
1786958392.261107116
22 631 6818 47251 52067 52151 
1786958392.470159401
22 631 6818 47251 52067 52151 
1786958392.679472331
22 631 6818 47251 52067 52151 
1786958392.888862500
22 631 6818 47251 52067 52151 
1786958393.098690486
22 631 6818 47251 52067 52151 
1786958393.308168201
22 631 6818 47251 52067 52151 
1786958393.517541692
22 631 6818 47251 52067 52151 
1786958393.726476926
22 631 6818 47251 52067 52151 
1786958393.936480084
22 631 6818 47251 52067 52151 
1786958394.145556470
22 631 6818 47251 52067 52151 
1786958394.354836556
22 631 6818 47251 52067 52151 
1786958394.564434078
22 631 6818 47251 52067 52151 
1786958394.773126575
22 631 6818 47251 52067 52151 
1786958394.982536205
22 631 6818 47251 52067 52151 
1786958395.191692462
22 631 6818 47251 52067 52151 
1786958395.401044246
22 631 6818 47251 52067 52151 
1786958395.610694847
22 631 6818 47251 52067 52151 
1786958395.819884866
22 631 6818 47251 52067 52151 
1786958396.028418628
22 631 6818 47251 52067 52151 
1786958396.236891769
22 631 6818 47251 52067 52151 
1786958396.447346583
22 631 6818 47251 52067 52151 
1786958396.656300011
22 631 6818 47251 52067 52151 
1786958396.865278872
22 631 6818 47251 52067 52151 
1786958397.074453017
22 631 6818 47251 52067 52151 
1786958397.284263927
22 631 6818 47251 52067 52151 
1786958397.494076862
22 631 6818 47251 52067 52151 
1786958397.703896560
22 631 6818 47251 52067 52151 
1786958397.912929984
22 631 6818 47251 52067 52151 
1786958398.122281571
22 631 6818 47251 52067 52151 
1786958398.331681750
22 631 6818 47251 52067 52151 
1786958398.541363129
22 631 6818 47251 52067 52151 
1786958398.749870605
22 631 6818 47251 52067 52151 
1786958398.958598898
22 631 6818 47251 52067 52151 
1786958399.168032092
22 631 6818 47251 52067 52151 
1786958399.377505073
22 631 6818 47251 52067 52151 
1786958399.587227387
22 631 6818 47251 52067 52151 
1786958399.796234337
22 631 6818 47251 52067 52151 
1786958400.004412717
22 631 6818 47251 52067 52151 
1786958400.213497530
22 631 6818 47251 52067 52151 
1786958400.422980816
22 631 6818 47251 52067 52151 
1786958400.631448889
22 631 6818 47251 52067 52151 
1786958400.839801308
22 631 6818 47251 52067 52151 
1786958401.049462661
22 631 6818 47251 52067 52151 
1786958401.258047180
22 631 6818 47251 52067 52151 
1786958401.466527656
22 631 6818 47251 52067 52151 
1786958401.675169519
22 631 6818 47251 52067 52151 
1786958401.883731519
22 631 6818 47251 52067 52151 
1786958402.092382474
22 631 6818 47251 52067 52151 
1786958402.301631360
22 631 6818 47251 52067 52151 
1786958402.510719327
22 631 6818 47251 52067 52151 
1786958402.720496722
22 631 6818 47251 52067 52151 
1786958402.931085577
22 631 6818 47251 52067 52151 
1786958403.140186332
22 631 6818 47251 52067 52151 
1786958403.348959211
22 631 6818 47251 52067 52151 
1786958403.558407595
22 631 6818 47251 52067 52151 
1786958403.769040327
22 631 6818 47251 52067 52151 
1786958403.978209598
22 631 6818 47251 52067 52151 
1786958404.187617235
22 631 6818 47251 52067 52151 
1786958404.397113788
22 631 6818 47251 52067 52151 
1786958404.606137356
22 631 6818 47251 52067 52151 
1786958404.816085945
22 631 6818 47251 52067 52151 
1786958405.025742125
22 631 6818 47251 52067 52151 
1786958405.235095404
22 631 6818 47251 52067 52151 
1786958405.444896126
22 631 6818 47251 52067 52151 
1786958405.654065036
22 631 6818 47251 52067 52151 
1786958405.863079535
22 631 6818 47251 52067 52151 
1786958406.072963482
22 631 6818 47251 52067 52151 
1786958406.282250765
22 631 6818 
