1786958286.223206167
22 631 6818 
1786958286.433637216
22 631 6818 
1786958286.642877117
22 631 6818 
1786958286.852150337
22 631 6818 
1786958287.060580811
22 631 6818 
1786958287.269771097
22 631 6818 
1786958287.480383557
22 631 6818 
1786958287.690976516
22 631 6818 
1786958287.900565920
22 631 6818 
1786958288.109847780
22 631 6818 
1786958288.318981260
22 631 6818 
1786958288.528773719
22 631 6818 
1786958288.739971792
22 631 6818 
1786958288.949424261
22 631 6818 
1786958289.159499115
22 631 6818 
1786958289.369360155
22 631 6818 
1786958289.579859268
22 631 6818 
1786958289.790136778
22 631 6818 
1786958289.999562313
22 631 6818 
1786958290.208604143
22 631 6818 
1786958290.418443815
22 631 6818 
1786958290.628208550
22 631 6818 
1786958290.838281277
22 631 6818 
1786958291.047846781
22 631 6818 
1786958291.257450665
22 631 6818 
1786958291.466721533
22 631 6818 
1786958291.676307147
22 631 6818 
1786958291.887119423
22 631 6818 49823 52239 
1786958292.097596995
22 631 6818 49823 52239 
